// Jest Snapshot v1, https://goo.gl/fbAQLP

exports[`testing home screen should match snapshot 1`] = `
Array [
  <RNCSafeAreaView
    edges={
      Array [
        "bottom",
        "left",
        "right",
        "top",
      ]
    }
    style={
      Array [
        Object {
          "backgroundColor": "#eee",
          "flexBasis": 0,
          "flexGrow": 1,
          "flexShrink": 1,
        },
      ]
    }
  >
    <View
      style={
        Array [
          Object {
            "backgroundColor": "#f1f2f3",
            "elevation": 5,
            "flexDirection": "row",
            "height": 60,
            "paddingBottom": 0,
            "paddingLeft": 20,
            "paddingRight": 20,
            "paddingTop": 0,
            "shadowColor": "rgba(0, 0, 0, 0.25)",
            "shadowOffset": Object {
              "height": 1,
              "width": 2,
            },
            "shadowOpacity": 1,
            "shadowRadius": 3.8,
            "zIndex": 100,
          },
        ]
      }
    >
      <TextInput
        onChangeText={[Function]}
        onSubmitEditing={[Function]}
        placeholder="Search for films by name..."
        style={
          Array [
            Object {
              "flexBasis": 0,
              "flexGrow": 1,
              "flexShrink": 1,
            },
          ]
        }
        testID="search-input"
        value=""
      />
      <View
        accessible={true}
        collapsable={false}
        focusable={true}
        onClick={[Function]}
        onResponderGrant={[Function]}
        onResponderMove={[Function]}
        onResponderRelease={[Function]}
        onResponderTerminate={[Function]}
        onResponderTerminationRequest={[Function]}
        onStartShouldSetResponder={[Function]}
        style={
          Object {
            "alignSelf": "center",
            "marginRight": -20,
            "opacity": 1,
            "paddingBottom": 0,
            "paddingLeft": 20,
            "paddingRight": 20,
            "paddingTop": 0,
          }
        }
        testID="search-button"
      >
        <Text
          allowFontScaling={false}
          selectable={false}
          style={
            Array [
              Object {
                "color": undefined,
                "fontSize": 12,
              },
              Array [
                Object {
                  "color": "#bbb",
                  "fontSize": 24,
                },
              ],
              Object {
                "fontFamily": "Material Icons",
                "fontStyle": "normal",
                "fontWeight": "normal",
              },
              Object {},
            ]
          }
        >
          
        </Text>
      </View>
    </View>
    <RCTScrollView
      ListEmptyComponent={
        Object {
          "$$typeof": Symbol(react.memo),
          "compare": null,
          "type": [Function],
        }
      }
      contentContainerStyle={
        Object {
          "padding": 20,
        }
      }
      data={Array []}
      getItem={[Function]}
      getItemCount={[Function]}
      keyExtractor={[Function]}
      onContentSizeChange={[Function]}
      onLayout={[Function]}
      onMomentumScrollBegin={[Function]}
      onMomentumScrollEnd={[Function]}
      onScroll={[Function]}
      onScrollBeginDrag={[Function]}
      onScrollEndDrag={[Function]}
      removeClippedSubviews={false}
      renderItem={[Function]}
      scrollEventThrottle={50}
      stickyHeaderIndices={Array []}
      style={
        Array [
          Object {
            "flexBasis": 0,
            "flexGrow": 1,
            "flexShrink": 1,
          },
        ]
      }
      viewabilityConfigCallbackPairs={Array []}
    >
      <View>
        <View
          style={
            Array [
              Object {
                "alignItems": "center",
                "justifyContent": "center",
                "paddingTop": 80,
              },
            ]
          }
          testID="no-data"
        >
          <Image
            source={
              Object {
                "testUri": "../../../src/assets/no-data/no-data.png",
              }
            }
          />
          <Text
            style={
              Array [
                Object {
                  "color": "#7f7e94",
                  "fontSize": 16,
                  "marginTop": 60,
                },
              ]
            }
          >
            Please use the search bar
          </Text>
        </View>
      </View>
    </RCTScrollView>
    <View
      accessible={true}
      collapsable={false}
      focusable={true}
      onClick={[Function]}
      onResponderGrant={[Function]}
      onResponderMove={[Function]}
      onResponderRelease={[Function]}
      onResponderTerminate={[Function]}
      onResponderTerminationRequest={[Function]}
      onStartShouldSetResponder={[Function]}
      style={
        Object {
          "alignItems": "center",
          "backgroundColor": "#5F49AB",
          "borderRadius": 30,
          "bottom": 20,
          "elevation": 6,
          "height": 60,
          "justifyContent": "center",
          "opacity": 1,
          "position": "absolute",
          "right": 20,
          "width": 60,
          "zIndex": 100,
        }
      }
    >
      <Text
        allowFontScaling={false}
        selectable={false}
        style={
          Array [
            Object {
              "color": undefined,
              "fontSize": 12,
            },
            Array [
              Object {
                "color": "#FFFFFF",
                "fontSize": 28,
              },
            ],
            Object {
              "fontFamily": "Material Icons",
              "fontStyle": "normal",
              "fontWeight": "normal",
            },
            Object {},
          ]
        }
      >
        
      </Text>
    </View>
    <Modal
      animationType="fade"
      hardwareAccelerated={true}
      onRequestClose={[Function]}
      transparent={true}
      visible={false}
    />
  </RNCSafeAreaView>,
  <View
    collapsable={false}
    style={
      Object {
        "backgroundColor": "#dc3545",
        "borderRadius": 8,
        "marginLeft": 16,
        "marginRight": 16,
        "marginTop": 40,
        "position": "absolute",
        "transform": Array [
          Object {
            "translateY": -120,
          },
        ],
        "width": 718,
        "zIndex": 100,
      }
    }
  >
    <View
      style={
        Array [
          Object {
            "alignItems": "center",
            "flexDirection": "row",
            "marginBottom": 16,
            "marginLeft": 16,
            "marginRight": 16,
            "marginTop": 16,
          },
        ]
      }
    >
      <Text
        allowFontScaling={false}
        selectable={false}
        style={
          Array [
            Object {
              "color": "#FFFFFF",
              "fontSize": 22,
            },
            Array [
              Object {},
            ],
            Object {
              "fontFamily": "Material Icons",
              "fontStyle": "normal",
              "fontWeight": "normal",
            },
            Object {},
          ]
        }
      >
        
      </Text>
      <Text
        style={
          Array [
            Object {
              "color": "#FFFFFF",
              "marginLeft": 16,
              "marginRight": 16,
            },
          ]
        }
      />
    </View>
  </View>,
]
`;
